// Jest Snapshot v1, https://goo.gl/fbAQLP

exports[`should render ExpenseListItem 1`] = `
<div>
  <Link
    replace={false}
    to="/edit/10"
  >
    <h3>
      Test desc.
    </h3>
  </Link>
  <p>
    22222
     - 
    333
  </p>
</div>
`;
